{"log":
 [{"message":
   ".> LEAN_PATH=C:\\work\\jsp-000493-lean\\.lake\\build\\lib\\lean c:\\Users\\Administrator\\.elan\\toolchains\\leanprover--lean4---v4.20.0\\bin\\lean.exe C:\\work\\jsp-000493-lean\\Jsp.lean -R C:\\work\\jsp-000493-lean -o C:\\work\\jsp-000493-lean\\.lake\\build\\lib\\lean\\Jsp.olean -i C:\\work\\jsp-000493-lean\\.lake\\build\\lib\\lean\\Jsp.ilean -c C:\\work\\jsp-000493-lean\\.lake\\build\\ir\\Jsp.c --json",
   "level": "trace"}],
 "inputs":
 [["Jsp:deps",
   [["deps",
     [["«jsp-001019-lean»/Jsp:extraDep",
       [["@«jsp-001019-lean»:extraDep", "1723"]]],
      ["import oleans",
       [["Jsp.JSP001019:olean",
         [["Jsp.JSP001019:deps", "12720339749678921893"],
          ["C:\\work\\jsp-000493-lean\\.lake\\build\\lib\\lean\\Jsp\\JSP001019.olean",
           "6730964925744895130"]]]]]]],
    ["libs",
     [["import dynlibs", "1723"],
      ["package external libraries", "1723"],
      ["module dynlibs", "1723"],
      ["module plugins", "1723"]]]]],
  ["Lean 4.20.0, commit 77cfc4d1a4f6ef6651792b781eaa6676b4f3f060",
   "16311077432335102250"],
  ["Module.leanArgs: #[]", "1723"],
  ["C:\\work\\jsp-000493-lean\\Jsp.lean", "4705412194951349024"]],
 "depHash": "3315733282300567613"}